<html>
<body>
<pre>
<h1>µVision Build Log</h1>
<h2>Project:</h2>
C:\Users\Ahmed\Desktop\connect4game\src\connect4.uvproj
Project File Date:  06/01/2018

<h2>Output:</h2>
Build target 'connect4'
compiling connect4.c...
linking...
Program Size: Code=3268 RO-data=1852 RW-data=64 ZI-data=1680  
".\connect4.axf" - 0 Error(s), 0 Warning(s).
- (cellH*numOfRow +  vLineW*numOfRow);
connect4.c: 1 warning, 0 errors
linking...
Program Size: Code=3324 RO-data=1428 RW-data=56 ZI-data=1680  
".\connect4.axf" - 0 Error(s), 1 Warning(s).
Error(s), 1 Warning(s).
