<html>
<body>
<pre>
<h1>µVision Build Log</h1>
<h2>Project:</h2>
C:\Keil\Labware\conn4_uart - Copy\src\connect4.uvproj
Project File Date:  06/06/2018

<h2>Output:</h2>
Build target 'connect4'
compiling connect4.c...
img.h(60): warning:  #1-D: last line of file ends without a newline
  };
connect4.c(556): warning:  #223-D: function "rand" declared implicitly
                        decision = rand()%7;
connect4.c(1275): warning:  #1-D: last line of file ends without a newline
  }
connect4.c: 3 warnings, 0 errors
linking...
Program Size: Code=15260 RO-data=2384 RW-data=208 ZI-data=3144  
".\connect4.axf" - 0 Error(s), 3 Warning(s).
Load "C:\\Keil\\Labware\\conn4_uart - Copy\\src\\connect4.axf" 
Connecting: Mode=JTAG, Speed=1000000Hz
Connection failed!, error code=&d
Error: Flash Download failed  -  Target DLL has been cancelled
Load "C:\\Keil\\Labware\\conn4_uart - Copy\\src\\connect4.axf" 
Connecting: Mode=JTAG, Speed=1000000Hz
Connection failed!, error code=&d
Error: Flash Download failed  -  Target DLL has been cancelled
</pre>
</body>
</html>
